// Jest Snapshot v1, https://goo.gl/fbAQLP

exports[`ChangeSkinForm should render the component 1`] = `
<Modal
  cancelText="Cancel"
  confirmLoading={false}
  maskTransitionName="fade"
  okText="Save"
  okType="primary"
  onCancel={[MockFunction]}
  onOk={[Function]}
  title="Change skin"
  transitionName="zoom"
  visible={true}
  width={520}
>
  <ForwardRef(InternalForm)
    form={
      Object {
        "__INTERNAL__": Object {},
        "getFieldError": [Function],
        "getFieldValue": [Function],
        "getFieldsError": [Function],
        "getFieldsValue": [Function],
        "getInternalHooks": [Function],
        "isFieldTouched": [Function],
        "isFieldValidating": [Function],
        "isFieldsTouched": [Function],
        "isFieldsValidating": [Function],
        "resetFields": [Function],
        "scrollToField": [Function],
        "setFields": [Function],
        "setFieldsValue": [Function],
        "submit": [Function],
        "validateFields": [Function],
      }
    }
    initialValues={
      Object {
        "skin": "normal_guy",
      }
    }
    layout="vertical"
    name="form_in_modal"
    style={
      Object {
        "marginTop": 30,
      }
    }
  >
    <FormItem
      label=""
      name="skin"
    >
      <RadioGroup
        buttonStyle="outline"
      >
        <Row
          gutter={
            Array [
              16,
              24,
            ]
          }
          justify="center"
        >
          <Radio
            key="0"
            type="radio"
            value="naked"
          >
            <Component
              size="small"
              skin="naked"
            />
                 
            <p>
              XP needed: 
              1
            </p>
          </Radio>
          <Radio
            key="1"
            type="radio"
            value="normal_guy"
          >
            <Component
              size="small"
              skin="normal_guy"
            />
                 
            <p>
              XP needed: 
              10
            </p>
          </Radio>
          <Radio
            key="2"
            type="radio"
            value="karate_kid"
          >
            <Component
              size="small"
              skin="karate_kid"
            />
                 
            <p>
              XP needed: 
              15
            </p>
          </Radio>
          <Radio
            key="3"
            type="radio"
            value="japonese"
          >
            <Component
              size="small"
              skin="japonese"
            />
                 
            <p>
              XP needed: 
              25
            </p>
          </Radio>
          <Radio
            key="4"
            type="radio"
            value="monk"
          >
            <Component
              size="small"
              skin="monk"
            />
                 
            <p>
              XP needed: 
              40
            </p>
          </Radio>
          <Radio
            key="5"
            type="radio"
            value="ninja"
          >
            <Component
              size="small"
              skin="ninja"
            />
                 
            <p>
              XP needed: 
              50
            </p>
          </Radio>
          <Radio
            key="6"
            type="radio"
            value="no_one"
          >
            <Component
              size="small"
              skin="no_one"
            />
                 
            <p>
              XP needed: 
              80
            </p>
          </Radio>
          <Radio
            key="7"
            type="radio"
            value="demon"
          >
            <Component
              size="small"
              skin="demon"
            />
                 
            <p>
              XP needed: 
              80
            </p>
          </Radio>
          <Radio
            key="8"
            type="radio"
            value="master"
          >
            <Component
              size="small"
              skin="master"
            />
                 
            <p>
              XP needed: 
              100
            </p>
          </Radio>
        </Row>
      </RadioGroup>
    </FormItem>
  </ForwardRef(InternalForm)>
</Modal>
`;
