// Jest Snapshot v1, https://goo.gl/fbAQLP

exports[`MyFyghter should render the component 1`] = `
<Card
  hoverable={true}
  title="John"
  type="inner"
>
  <Component
    size="medium"
    skin="normal_guy"
  />
  <p />
  <p>
    XP: 5
  </p>
  <p>
    Balance: 
    <Component
      balance={
        Object {
          "amount": BigNumber {
            "_hex": "0x05",
          },
          "loading": false,
        }
      }
    />
  </p>
  <Component
    isLoading={false}
  />
  <p />
  <Component
    isLoading={false}
  />
  <p />
  <Component
    fyghterId={
      BigNumber {
        "_hex": "0x01",
      }
    }
    isLoading={false}
  />
  <p />
  <Component
    fyghterId={
      BigNumber {
        "_hex": "0x01",
      }
    }
    isLoading={false}
  />
</Card>
`;
