// Jest Snapshot v1, https://goo.gl/fbAQLP

exports[`Enemy should render the component 1`] = `
<Card
  hoverable={true}
  title="Charlie"
  type="inner"
>
  <Component
    size="medium"
    skin="naked"
  />
  <p />
  <p>
    XP: 1
  </p>
  <p>
    Balance: 
    <Component
      gainIfWin={
        BigNumber {
          "_hex": "0x4563918244f3ff06",
        }
      }
      value={
        BigNumber {
          "_hex": "0x05",
        }
      }
    />
  </p>
  <p>
    Win probability: 
    <WinProbability
      value={
        BigNumber {
          "_hex": "0x32",
        }
      }
    />
  </p>
  <p>
    Gain if win: 
    <GainOrLoss
      value={
        BigNumber {
          "_hex": "0x4563918244f3ff06",
        }
      }
    />
  </p>
  <p>
    Loss if lose: 
    <GainOrLoss
      value={
        BigNumber {
          "_hex": "-0xfa",
        }
      }
    />
  </p>
  <Component
    disabled={true}
    enemyId={
      BigNumber {
        "_hex": "0x02",
      }
    }
  />
  <p />
  <Alert
    message="Your fyghter with insufficient funds."
    type="warning"
  />
</Card>
`;
