// Jest Snapshot v1, https://goo.gl/fbAQLP

exports[`ChangeSkinButton should render the component 1`] = `
<div>
  <Button
    block={true}
    ghost={false}
    htmlType="button"
    loading={false}
    onClick={[Function]}
    type="primary"
  >
    Change skin
  </Button>
  <Component
    errorMessage={null}
    onCancel={[Function]}
    onSave={[Function]}
    visible={false}
  />
</div>
`;
