// Jest Snapshot v1, https://goo.gl/fbAQLP

exports[`CreateFyghterButton should render the component 1`] = `
<div>
  <Button
    block={true}
    disabled={false}
    ghost={false}
    htmlType="button"
    loading={false}
    onClick={[Function]}
    type="primary"
  >
    Create
  </Button>
  <Component
    onCancel={[Function]}
    onCreate={[Function]}
    visible={false}
  />
</div>
`;
