// Jest Snapshot v1, https://goo.gl/fbAQLP

exports[`Count renders the heading 1`] = `
<h1>
  1
</h1>
`;
