// Jest Snapshot v1, https://goo.gl/fbAQLP

exports[`Header should render the component 1`] = `
<h1>
  FyGHT! - A karate crypto game
</h1>
`;
