// Jest Snapshot v1, https://goo.gl/fbAQLP

exports[`RenameFyghterButton should render the component 1`] = `
<div>
  <Button
    block={true}
    ghost={false}
    htmlType="button"
    loading={false}
    onClick={[Function]}
    type="primary"
  >
    Rename
  </Button>
  <Component
    name="John"
    onCancel={[Function]}
    onSave={[Function]}
    visible={false}
  />
</div>
`;
