// Jest Snapshot v1, https://goo.gl/fbAQLP

exports[`JourneyTable should render the component 1`] = `
<Fragment>
  <Row
    gutter={16}
    justify="center"
  >
    <Col
      span={24}
    >
      <Table
        bordered={true}
        columns={
          Array [
            Object {
              "dataIndex": "skin",
              "key": "skin",
              "render": [Function],
              "title": "",
            },
            Object {
              "dataIndex": "level",
              "key": "level",
              "title": "Level",
            },
            Object {
              "dataIndex": "description",
              "key": "description",
              "title": "Description",
            },
            Object {
              "dataIndex": "unlock",
              "key": "unlock",
              "title": "Unlock",
            },
          ]
        }
        dataSource={
          Array [
            Object {
              "description": "You are ready to begin your journey when you let go all of material stuffs",
              "key": "1",
              "level": "Naked",
              "skin": "naked",
              "unlock": "-",
            },
            Object {
              "description": "You are a new man now",
              "key": "2",
              "level": "Normal Guy",
              "skin": "normal_guy",
              "unlock": "10 XP",
            },
            Object {
              "description": "Now people respect you",
              "key": "3",
              "level": "Karate Kid",
              "skin": "karate_kid",
              "unlock": "15 XP",
            },
            Object {
              "description": "In the land of the rising sun new knowledges are discovered",
              "key": "4",
              "level": "Japonese",
              "skin": "japonese",
              "unlock": "25 XP",
            },
            Object {
              "description": "Secret powers and wisdoms are achieve",
              "key": "5",
              "level": "Monk",
              "skin": "monk",
              "unlock": "40 XP",
            },
            Object {
              "description": "Secret powers and wisdoms are achieve",
              "key": "6",
              "level": "Ninja",
              "skin": "ninja",
              "unlock": "50 XP",
            },
            Object {
              "description": "Valar dohaeris",
              "key": "7",
              "level": "No One",
              "skin": "no_one",
              "unlock": "80 XP",
            },
            Object {
              "description": "Anyone means anyone",
              "key": "8",
              "level": "Demon",
              "skin": "demon",
              "unlock": "80 XP",
            },
            Object {
              "description": "Try not, do or do not",
              "key": "9",
              "level": "Master",
              "skin": "master",
              "unlock": "100 XP",
            },
          ]
        }
        pagination={false}
        rowKey="key"
      />
    </Col>
  </Row>
</Fragment>
`;
