// Jest Snapshot v1, https://goo.gl/fbAQLP

exports[`WithdrawAllButton should render the component 1`] = `
<Button
  block={true}
  ghost={false}
  htmlType="button"
  loading={false}
  onClick={[Function]}
  type="primary"
>
  Withdraw All
</Button>
`;
