// Jest Snapshot v1, https://goo.gl/fbAQLP

exports[`About should render the component 1`] = `
<Card
  title="About & Rules"
  type="inner"
>
  <p>
    Your journey to became a master starts now.
  </p>
  <p>
    Train with your master and challenge another players to see who is the best.
  </p>
  <p>
    After each victory, your fighter gains +1 XP and become stronger.
  </p>
</Card>
`;
