// Jest Snapshot v1, https://goo.gl/fbAQLP

exports[`AttackModal should render the component 1`] = `
<div>
  <Button
    block={true}
    ghost={false}
    htmlType="button"
    loading={false}
    onClick={[Function]}
    type="primary"
  >
    Attack
  </Button>
  <EnamyAttackView
    onCancel={[Function]}
    onOk={[Function]}
    visible={false}
  />
</div>
`;
