// Jest Snapshot v1, https://goo.gl/fbAQLP

exports[`ChallengeModal should render the component 1`] = `
<div>
  <Button
    block={true}
    ghost={false}
    htmlType="button"
    loading={false}
    onClick={[Function]}
    type="primary"
  >
    Challenge!
  </Button>
  <ChallengeView
    onCancel={[Function]}
    onOk={[Function]}
    visible={false}
  />
</div>
`;
