// Jest Snapshot v1, https://goo.gl/fbAQLP

exports[`Count should render the component 1`] = `
<h1>
  1
</h1>
`;
