// Jest Snapshot v1, https://goo.gl/fbAQLP

exports[`EnemyBalance should render the component 1`] = `
<span
  style={
    Object {
      "color": "blue",
    }
  }
>
  $1.00
</span>
`;
