// Jest Snapshot v1, https://goo.gl/fbAQLP

exports[`Enemy should render the component 1`] = `
<Card
  hoverable={true}
  title="Charlie"
  type="inner"
>
  <Component
    size="medium"
    skin="normal_guy"
  />
  <p />
  <p>
    wins: 4 / losses: 5
  </p>
  <p>
    XP: 2
  </p>
  <AttackModal />
</Card>
`;
