// Jest Snapshot v1, https://goo.gl/fbAQLP

exports[`EnemiesContainer after loading loading 1`] = `
<Fragment>
  <Divider
    orientation="left"
    style={
      Object {
        "color": "#333",
        "fontWeight": "normal",
      }
    }
  >
    Enemies
  </Divider>
  <Row
    gutter={
      Array [
        16,
        24,
      ]
    }
  >
    <Col
      className="gutter-row"
      key="0"
      span={4}
    >
      <Component
        enemy={
          Object {
            "id": BigNumber {
              "_hex": "0x02",
              "_isBigNumber": true,
            },
            "name": "Charlie",
            "skin": "naked",
            "xp": BigNumber {
              "_hex": "0x01",
              "_isBigNumber": true,
            },
          }
        }
      />
    </Col>
    <Col
      className="gutter-row"
      key="1"
      span={4}
    >
      <Component
        enemy={
          Object {
            "id": BigNumber {
              "_hex": "0x03",
              "_isBigNumber": true,
            },
            "name": "Saul",
            "skin": "ninja",
            "xp": BigNumber {
              "_hex": "0x0a",
              "_isBigNumber": true,
            },
          }
        }
      />
    </Col>
    <Col
      className="gutter-row"
      key="2"
      span={4}
    >
      <Component
        enemy={
          Object {
            "id": BigNumber {
              "_hex": "0x04",
              "_isBigNumber": true,
            },
            "name": "Julian",
            "skin": "naked",
            "xp": BigNumber {
              "_hex": "0x01",
              "_isBigNumber": true,
            },
          }
        }
      />
    </Col>
    <Col
      className="gutter-row"
      key="3"
      span={4}
    >
      <Component
        enemy={
          Object {
            "id": BigNumber {
              "_hex": "0x05",
              "_isBigNumber": true,
            },
            "name": "Brad",
            "skin": "master",
            "xp": BigNumber {
              "_hex": "0x59",
              "_isBigNumber": true,
            },
          }
        }
      />
    </Col>
    <Col
      className="gutter-row"
      key="4"
      span={4}
    >
      <Component
        enemy={
          Object {
            "id": BigNumber {
              "_hex": "0x06",
              "_isBigNumber": true,
            },
            "name": "Frank",
            "skin": "no_one",
            "xp": BigNumber {
              "_hex": "0x47",
              "_isBigNumber": true,
            },
          }
        }
      />
    </Col>
    <Col
      className="gutter-row"
      key="5"
      span={4}
    >
      <Component
        enemy={
          Object {
            "id": BigNumber {
              "_hex": "0x07",
              "_isBigNumber": true,
            },
            "name": "Brian",
            "skin": "monk",
            "xp": BigNumber {
              "_hex": "0x1e",
              "_isBigNumber": true,
            },
          }
        }
      />
    </Col>
    <Col
      className="gutter-row"
      key="6"
      span={4}
    >
      <Component
        enemy={
          Object {
            "id": BigNumber {
              "_hex": "0x08",
              "_isBigNumber": true,
            },
            "name": "Fred",
            "skin": "karate_kid",
            "xp": BigNumber {
              "_hex": "0x0a",
              "_isBigNumber": true,
            },
          }
        }
      />
    </Col>
  </Row>
</Fragment>
`;

exports[`EnemiesContainer loading 1`] = `
<Fragment>
  Loading ...
</Fragment>
`;
