// Jest Snapshot v1, https://goo.gl/fbAQLP

exports[`FyghterCreationModal should render the component 1`] = `
<div>
  <Button
    block={true}
    ghost={false}
    htmlType="button"
    loading={false}
    onClick={[Function]}
    type="primary"
  >
    Create
  </Button>
  <FyghterCreationForm
    onCancel={[Function]}
    onCreate={[Function]}
    visible={false}
  />
</div>
`;
