// Jest Snapshot v1, https://goo.gl/fbAQLP

exports[`FyghterChangeSkinModal should render the component 1`] = `
<div>
  <Button
    block={true}
    ghost={false}
    htmlType="button"
    loading={false}
    onClick={[Function]}
    type="primary"
  >
    Change skin
  </Button>
  <Form(class_1)
    onCancel={[Function]}
    onCreate={[Function]}
    visible={false}
    wrappedComponentRef={[Function]}
  />
</div>
`;
