// Jest Snapshot v1, https://goo.gl/fbAQLP

exports[`MyFyghter should render the component 1`] = `
<Card
  hoverable={true}
  title="John"
  type="inner"
>
  <Component
    size="medium"
    skin="naked"
  />
  <p />
  <p>
    wins: 4 / losses: 5
  </p>
  <p>
    XP: 2
  </p>
  <Component />
  <p />
  <Component />
</Card>
`;
