// Jest Snapshot v1, https://goo.gl/fbAQLP

exports[`MyFyghterContainer should render the component 1`] = `
<Fragment>
  Loading...
</Fragment>
`;
