// Jest Snapshot v1, https://goo.gl/fbAQLP

exports[`SkinAvatar should render the component 1`] = `
<img
  alt="ninja"
  width={100}
/>
`;
